24.245.110.72 - - [21/Feb/2022:19:31:50 -0500] "GET /theAdmin/ HTTP/1.0" 200 122346 "http://levan-log.thehive-services.com/theAdmin/" "Mozilla/5.0 (Windows NT 10.0; Win64; x64) AppleWebKit/537.36 (KHTML, like Gecko) Chrome/98.0.4758.102 Safari/537.36"
24.245.110.72 - - [21/Feb/2022:19:32:15 -0500] "POST /theAdmin/movie/genre/add/ HTTP/1.0" 302 - "http://levan-log.thehive-services.com/theAdmin/" "Mozilla/5.0 (Windows NT 10.0; Win64; x64) AppleWebKit/537.36 (KHTML, like Gecko) Chrome/98.0.4758.102 Safari/537.36"
24.245.110.72 - - [21/Feb/2022:19:32:15 -0500] "GET /theAdmin/ HTTP/1.0" 200 124553 "http://levan-log.thehive-services.com/theAdmin/" "Mozilla/5.0 (Windows NT 10.0; Win64; x64) AppleWebKit/537.36 (KHTML, like Gecko) Chrome/98.0.4758.102 Safari/537.36"
24.245.110.72 - - [21/Feb/2022:19:32:21 -0500] "POST /theAdmin/genre/add/ HTTP/1.0" 302 - "http://levan-log.thehive-services.com/theAdmin/" "Mozilla/5.0 (Windows NT 10.0; Win64; x64) AppleWebKit/537.36 (KHTML, like Gecko) Chrome/98.0.4758.102 Safari/537.36"
24.245.110.72 - - [21/Feb/2022:19:32:21 -0500] "GET /theAdmin/ HTTP/1.0" 200 128513 "http://levan-log.thehive-services.com/theAdmin/" "Mozilla/5.0 (Windows NT 10.0; Win64; x64) AppleWebKit/537.36 (KHTML, like Gecko) Chrome/98.0.4758.102 Safari/537.36"
24.245.110.72 - - [21/Feb/2022:19:32:29 -0500] "POST /theAdmin/movie/genre/add/ HTTP/1.0" 302 - "http://levan-log.thehive-services.com/theAdmin/" "Mozilla/5.0 (Windows NT 10.0; Win64; x64) AppleWebKit/537.36 (KHTML, like Gecko) Chrome/98.0.4758.102 Safari/537.36"
24.245.110.72 - - [21/Feb/2022:19:32:30 -0500] "GET /theAdmin/ HTTP/1.0" 200 130798 "http://levan-log.thehive-services.com/theAdmin/" "Mozilla/5.0 (Windows NT 10.0; Win64; x64) AppleWebKit/537.36 (KHTML, like Gecko) Chrome/98.0.4758.102 Safari/537.36"
24.245.110.72 - - [21/Feb/2022:19:33:17 -0500] "POST /theAdmin/genre/add/ HTTP/1.0" 302 - "http://levan-log.thehive-services.com/theAdmin/" "Mozilla/5.0 (Windows NT 10.0; Win64; x64) AppleWebKit/537.36 (KHTML, like Gecko) Chrome/98.0.4758.102 Safari/537.36"
24.245.110.72 - - [21/Feb/2022:19:33:17 -0500] "GET /theAdmin/ HTTP/1.0" 200 134856 "http://levan-log.thehive-services.com/theAdmin/" "Mozilla/5.0 (Windows NT 10.0; Win64; x64) AppleWebKit/537.36 (KHTML, like Gecko) Chrome/98.0.4758.102 Safari/537.36"
24.245.110.72 - - [21/Feb/2022:19:33:18 -0500] "POST /theAdmin/genre/add/ HTTP/1.0" 302 - "http://levan-log.thehive-services.com/theAdmin/" "Mozilla/5.0 (Windows NT 10.0; Win64; x64) AppleWebKit/537.36 (KHTML, like Gecko) Chrome/98.0.4758.102 Safari/537.36"
24.245.110.72 - - [21/Feb/2022:19:33:18 -0500] "GET /theAdmin/ HTTP/1.0" 200 138732 "http://levan-log.thehive-services.com/theAdmin/" "Mozilla/5.0 (Windows NT 10.0; Win64; x64) AppleWebKit/537.36 (KHTML, like Gecko) Chrome/98.0.4758.102 Safari/537.36"
24.245.110.72 - - [21/Feb/2022:19:33:38 -0500] "POST /theAdmin/movie/genre/add/ HTTP/1.0" 302 - "http://levan-log.thehive-services.com/theAdmin/" "Mozilla/5.0 (Windows NT 10.0; Win64; x64) AppleWebKit/537.36 (KHTML, like Gecko) Chrome/98.0.4758.102 Safari/537.36"
24.245.110.72 - - [21/Feb/2022:19:33:38 -0500] "GET /theAdmin/ HTTP/1.0" 200 141171 "http://levan-log.thehive-services.com/theAdmin/" "Mozilla/5.0 (Windows NT 10.0; Win64; x64) AppleWebKit/537.36 (KHTML, like Gecko) Chrome/98.0.4758.102 Safari/537.36"
24.245.117.113 - - [21/Feb/2022:19:33:40 -0500] "GET /theAdmin/ HTTP/1.0" 200 141012 "https://levan-log.thehive-services.com/" "Mozilla/5.0 (Windows NT 10.0; Win64; x64) AppleWebKit/537.36 (KHTML, like Gecko) Chrome/98.0.4758.102 Safari/537.36 Edg/98.0.1108.56"
24.245.110.72 - - [21/Feb/2022:19:33:50 -0500] "POST /theAdmin/movie/genre/add/ HTTP/1.0" 302 - "http://levan-log.thehive-services.com/theAdmin/" "Mozilla/5.0 (Windows NT 10.0; Win64; x64) AppleWebKit/537.36 (KHTML, like Gecko) Chrome/98.0.4758.102 Safari/537.36"
24.245.110.72 - - [21/Feb/2022:19:33:51 -0500] "GET /theAdmin/ HTTP/1.0" 200 143615 "http://levan-log.thehive-services.com/theAdmin/" "Mozilla/5.0 (Windows NT 10.0; Win64; x64) AppleWebKit/537.36 (KHTML, like Gecko) Chrome/98.0.4758.102 Safari/537.36"
24.245.110.72 - - [21/Feb/2022:19:34:48 -0500] "POST /theAdmin/genre/add/ HTTP/1.0" 302 - "http://levan-log.thehive-services.com/theAdmin/" "Mozilla/5.0 (Windows NT 10.0; Win64; x64) AppleWebKit/537.36 (KHTML, like Gecko) Chrome/98.0.4758.102 Safari/537.36"
24.245.110.72 - - [21/Feb/2022:19:34:48 -0500] "GET /theAdmin/ HTTP/1.0" 200 143737 "http://levan-log.thehive-services.com/theAdmin/" "Mozilla/5.0 (Windows NT 10.0; Win64; x64) AppleWebKit/537.36 (KHTML, like Gecko) Chrome/98.0.4758.102 Safari/537.36"
24.245.110.72 - - [21/Feb/2022:19:35:13 -0500] "POST /theAdmin/movie/genre/add/ HTTP/1.0" 302 - "http://levan-log.thehive-services.com/theAdmin/" "Mozilla/5.0 (Windows NT 10.0; Win64; x64) AppleWebKit/537.36 (KHTML, like Gecko) Chrome/98.0.4758.102 Safari/537.36"
24.245.110.72 - - [21/Feb/2022:19:35:14 -0500] "GET /theAdmin/ HTTP/1.0" 200 146176 "http://levan-log.thehive-services.com/theAdmin/" "Mozilla/5.0 (Windows NT 10.0; Win64; x64) AppleWebKit/537.36 (KHTML, like Gecko) Chrome/98.0.4758.102 Safari/537.36"
24.245.110.72 - - [21/Feb/2022:19:35:34 -0500] "POST /theAdmin/movie/genre/add/ HTTP/1.0" 302 - "http://levan-log.thehive-services.com/theAdmin/" "Mozilla/5.0 (Windows NT 10.0; Win64; x64) AppleWebKit/537.36 (KHTML, like Gecko) Chrome/98.0.4758.102 Safari/537.36"
24.245.110.72 - - [21/Feb/2022:19:35:34 -0500] "GET /theAdmin/ HTTP/1.0" 200 148618 "http://levan-log.thehive-services.com/theAdmin/" "Mozilla/5.0 (Windows NT 10.0; Win64; x64) AppleWebKit/537.36 (KHTML, like Gecko) Chrome/98.0.4758.102 Safari/537.36"
24.245.110.72 - - [21/Feb/2022:19:37:56 -0500] "GET /theAdmin/ HTTP/1.0" 200 148457 "http://levan-log.thehive-services.com/theAdmin/" "Mozilla/5.0 (Windows NT 10.0; Win64; x64) AppleWebKit/537.36 (KHTML, like Gecko) Chrome/98.0.4758.102 Safari/537.36"
24.245.117.113 - - [21/Feb/2022:19:37:57 -0500] "GET /theAdmin/ HTTP/1.0" 200 148459 "https://levan-log.thehive-services.com/" "Mozilla/5.0 (Windows NT 10.0; Win64; x64) AppleWebKit/537.36 (KHTML, like Gecko) Chrome/98.0.4758.102 Safari/537.36 Edg/98.0.1108.56"
24.245.110.72 - - [21/Feb/2022:19:38:16 -0500] "GET / HTTP/1.0" 200 111653 "http://levan-log.thehive-services.com/theAdmin/" "Mozilla/5.0 (Windows NT 10.0; Win64; x64) AppleWebKit/537.36 (KHTML, like Gecko) Chrome/98.0.4758.102 Safari/537.36"
24.245.117.113 - - [21/Feb/2022:19:38:37 -0500] "GET /movie/ HTTP/1.0" 200 192505 "https://levan-log.thehive-services.com/theAdmin/" "Mozilla/5.0 (Windows NT 10.0; Win64; x64) AppleWebKit/537.36 (KHTML, like Gecko) Chrome/98.0.4758.102 Safari/537.36 Edg/98.0.1108.56"
24.245.110.72 - - [21/Feb/2022:19:38:41 -0500] "GET /movie/ HTTP/1.0" 200 192505 "http://levan-log.thehive-services.com/" "Mozilla/5.0 (Windows NT 10.0; Win64; x64) AppleWebKit/537.36 (KHTML, like Gecko) Chrome/98.0.4758.102 Safari/537.36"
24.245.110.72 - - [21/Feb/2022:19:38:47 -0500] "GET /movie/6/view/ HTTP/1.0" 200 2142 "http://levan-log.thehive-services.com/movie/" "Mozilla/5.0 (Windows NT 10.0; Win64; x64) AppleWebKit/537.36 (KHTML, like Gecko) Chrome/98.0.4758.102 Safari/537.36"
24.245.110.72 - - [21/Feb/2022:19:39:06 -0500] "GET / HTTP/1.0" 200 111653 "http://levan-log.thehive-services.com/movie/6/view/" "Mozilla/5.0 (Windows NT 10.0; Win64; x64) AppleWebKit/537.36 (KHTML, like Gecko) Chrome/98.0.4758.102 Safari/537.36"
24.245.110.72 - - [21/Feb/2022:19:39:28 -0500] "GET /theAdmin/ HTTP/1.0" 200 148457 "http://levan-log.thehive-services.com/" "Mozilla/5.0 (Windows NT 10.0; Win64; x64) AppleWebKit/537.36 (KHTML, like Gecko) Chrome/98.0.4758.102 Safari/537.36"
24.245.110.72 - - [21/Feb/2022:19:39:50 -0500] "GET /admin HTTP/1.0" 301 - "http://levan-log.thehive-services.com/theAdmin/" "Mozilla/5.0 (Windows NT 10.0; Win64; x64) AppleWebKit/537.36 (KHTML, like Gecko) Chrome/98.0.4758.102 Safari/537.36"
24.245.110.72 - - [21/Feb/2022:19:39:51 -0500] "GET /admin/?i=1 HTTP/1.0" 302 - "http://levan-log.thehive-services.com/" "Mozilla/5.0 (Windows NT 10.0; Win64; x64) AppleWebKit/537.36 (KHTML, like Gecko) Chrome/98.0.4758.102 Safari/537.36"
24.245.110.72 - - [21/Feb/2022:19:39:51 -0500] "GET /admin/login/?next=/admin/%3Fi%3D1 HTTP/1.0" 200 2252 "-" "Mozilla/5.0 (Windows NT 10.0; Win64; x64) AppleWebKit/537.36 (KHTML, like Gecko) Chrome/98.0.4758.102 Safari/537.36"
24.245.110.72 - - [21/Feb/2022:19:39:51 -0500] "GET /app/static/admin/css/nav_sidebar.css HTTP/1.0" 404 179 "https://levan-log.thehive-services.com/admin/login/?next=/admin/%3Fi%3D1" "Mozilla/5.0 (Windows NT 10.0; Win64; x64) AppleWebKit/537.36 (KHTML, like Gecko) Chrome/98.0.4758.102 Safari/537.36"
24.245.110.72 - - [21/Feb/2022:19:39:51 -0500] "GET /app/static/admin/css/base.css HTTP/1.0" 404 179 "https://levan-log.thehive-services.com/admin/login/?next=/admin/%3Fi%3D1" "Mozilla/5.0 (Windows NT 10.0; Win64; x64) AppleWebKit/537.36 (KHTML, like Gecko) Chrome/98.0.4758.102 Safari/537.36"
24.245.110.72 - - [21/Feb/2022:19:39:51 -0500] "GET /app/static/admin/css/responsive.css HTTP/1.0" 404 179 "https://levan-log.thehive-services.com/admin/login/?next=/admin/%3Fi%3D1" "Mozilla/5.0 (Windows NT 10.0; Win64; x64) AppleWebKit/537.36 (KHTML, like Gecko) Chrome/98.0.4758.102 Safari/537.36"
24.245.110.72 - - [21/Feb/2022:19:39:51 -0500] "GET /app/static/admin/css/login.css HTTP/1.0" 404 179 "https://levan-log.thehive-services.com/admin/login/?next=/admin/%3Fi%3D1" "Mozilla/5.0 (Windows NT 10.0; Win64; x64) AppleWebKit/537.36 (KHTML, like Gecko) Chrome/98.0.4758.102 Safari/537.36"
24.245.110.72 - - [21/Feb/2022:19:39:51 -0500] "GET /app/static/admin/js/nav_sidebar.js HTTP/1.0" 404 179 "https://levan-log.thehive-services.com/admin/login/?next=/admin/%3Fi%3D1" "Mozilla/5.0 (Windows NT 10.0; Win64; x64) AppleWebKit/537.36 (KHTML, like Gecko) Chrome/98.0.4758.102 Safari/537.36"
24.245.110.72 - - [21/Feb/2022:19:39:51 -0500] "GET /favicon.ico HTTP/1.0" 404 179 "https://levan-log.thehive-services.com/admin/login/?next=/admin/%3Fi%3D1" "Mozilla/5.0 (Windows NT 10.0; Win64; x64) AppleWebKit/537.36 (KHTML, like Gecko) Chrome/98.0.4758.102 Safari/537.36"
24.245.117.113 - - [21/Feb/2022:19:39:53 -0500] "GET /admin HTTP/1.0" 301 - "https://levan-log.thehive-services.com/movie/" "Mozilla/5.0 (Windows NT 10.0; Win64; x64) AppleWebKit/537.36 (KHTML, like Gecko) Chrome/98.0.4758.102 Safari/537.36 Edg/98.0.1108.56"
24.245.117.113 - - [21/Feb/2022:19:39:53 -0500] "GET /admin HTTP/1.0" 301 - "https://levan-log.thehive-services.com/movie/" "Mozilla/5.0 (Windows NT 10.0; Win64; x64) AppleWebKit/537.36 (KHTML, like Gecko) Chrome/98.0.4758.102 Safari/537.36 Edg/98.0.1108.56"
24.245.117.113 - - [21/Feb/2022:19:39:54 -0500] "GET /admin/?i=1 HTTP/1.0" 302 - "https://levan-log.thehive-services.com/admin/" "Mozilla/5.0 (Windows NT 10.0; Win64; x64) AppleWebKit/537.36 (KHTML, like Gecko) Chrome/98.0.4758.102 Safari/537.36 Edg/98.0.1108.56"
24.245.117.113 - - [21/Feb/2022:19:39:54 -0500] "GET /admin/login/?next=/admin/%3Fi%3D1 HTTP/1.0" 200 2252 "https://levan-log.thehive-services.com/admin/" "Mozilla/5.0 (Windows NT 10.0; Win64; x64) AppleWebKit/537.36 (KHTML, like Gecko) Chrome/98.0.4758.102 Safari/537.36 Edg/98.0.1108.56"
24.245.117.113 - - [21/Feb/2022:19:39:54 -0500] "GET /app/static/admin/css/base.css HTTP/1.0" 404 179 "https://levan-log.thehive-services.com/admin/login/?next=/admin/%3Fi%3D1" "Mozilla/5.0 (Windows NT 10.0; Win64; x64) AppleWebKit/537.36 (KHTML, like Gecko) Chrome/98.0.4758.102 Safari/537.36 Edg/98.0.1108.56"
24.245.117.113 - - [21/Feb/2022:19:39:54 -0500] "GET /app/static/admin/css/nav_sidebar.css HTTP/1.0" 404 179 "https://levan-log.thehive-services.com/admin/login/?next=/admin/%3Fi%3D1" "Mozilla/5.0 (Windows NT 10.0; Win64; x64) AppleWebKit/537.36 (KHTML, like Gecko) Chrome/98.0.4758.102 Safari/537.36 Edg/98.0.1108.56"
24.245.117.113 - - [21/Feb/2022:19:39:54 -0500] "GET /app/static/admin/css/login.css HTTP/1.0" 404 179 "https://levan-log.thehive-services.com/admin/login/?next=/admin/%3Fi%3D1" "Mozilla/5.0 (Windows NT 10.0; Win64; x64) AppleWebKit/537.36 (KHTML, like Gecko) Chrome/98.0.4758.102 Safari/537.36 Edg/98.0.1108.56"
24.245.117.113 - - [21/Feb/2022:19:39:54 -0500] "GET /app/static/admin/css/responsive.css HTTP/1.0" 404 179 "https://levan-log.thehive-services.com/admin/login/?next=/admin/%3Fi%3D1" "Mozilla/5.0 (Windows NT 10.0; Win64; x64) AppleWebKit/537.36 (KHTML, like Gecko) Chrome/98.0.4758.102 Safari/537.36 Edg/98.0.1108.56"
24.245.117.113 - - [21/Feb/2022:19:39:54 -0500] "GET /app/static/admin/js/nav_sidebar.js HTTP/1.0" 404 179 "https://levan-log.thehive-services.com/admin/login/?next=/admin/%3Fi%3D1" "Mozilla/5.0 (Windows NT 10.0; Win64; x64) AppleWebKit/537.36 (KHTML, like Gecko) Chrome/98.0.4758.102 Safari/537.36 Edg/98.0.1108.56"
24.245.117.113 - - [21/Feb/2022:19:39:54 -0500] "GET /favicon.ico HTTP/1.0" 404 179 "https://levan-log.thehive-services.com/admin/login/?next=/admin/%3Fi%3D1" "Mozilla/5.0 (Windows NT 10.0; Win64; x64) AppleWebKit/537.36 (KHTML, like Gecko) Chrome/98.0.4758.102 Safari/537.36 Edg/98.0.1108.56"
24.245.110.72 - - [21/Feb/2022:19:40:05 -0500] "POST /admin/login/?next=/admin/%3Fi%3D1 HTTP/1.0" 302 - "https://levan-log.thehive-services.com/admin/login/?next=/admin/%3Fi%3D1" "Mozilla/5.0 (Windows NT 10.0; Win64; x64) AppleWebKit/537.36 (KHTML, like Gecko) Chrome/98.0.4758.102 Safari/537.36"
24.245.110.72 - - [21/Feb/2022:19:40:06 -0500] "GET /admin/?i=1 HTTP/1.0" 200 6805 "https://levan-log.thehive-services.com/admin/login/?next=/admin/%3Fi%3D1" "Mozilla/5.0 (Windows NT 10.0; Win64; x64) AppleWebKit/537.36 (KHTML, like Gecko) Chrome/98.0.4758.102 Safari/537.36"
24.245.110.72 - - [21/Feb/2022:19:40:07 -0500] "GET /app/static/admin/css/responsive.css HTTP/1.0" 404 179 "https://levan-log.thehive-services.com/admin/?i=1" "Mozilla/5.0 (Windows NT 10.0; Win64; x64) AppleWebKit/537.36 (KHTML, like Gecko) Chrome/98.0.4758.102 Safari/537.36"
24.245.110.72 - - [21/Feb/2022:19:40:07 -0500] "GET /app/static/admin/css/nav_sidebar.css HTTP/1.0" 404 179 "https://levan-log.thehive-services.com/admin/?i=1" "Mozilla/5.0 (Windows NT 10.0; Win64; x64) AppleWebKit/537.36 (KHTML, like Gecko) Chrome/98.0.4758.102 Safari/537.36"
24.245.110.72 - - [21/Feb/2022:19:40:07 -0500] "GET /app/static/admin/css/base.css HTTP/1.0" 404 179 "https://levan-log.thehive-services.com/admin/?i=1" "Mozilla/5.0 (Windows NT 10.0; Win64; x64) AppleWebKit/537.36 (KHTML, like Gecko) Chrome/98.0.4758.102 Safari/537.36"
24.245.110.72 - - [21/Feb/2022:19:40:07 -0500] "GET /app/static/admin/js/nav_sidebar.js HTTP/1.0" 404 179 "https://levan-log.thehive-services.com/admin/?i=1" "Mozilla/5.0 (Windows NT 10.0; Win64; x64) AppleWebKit/537.36 (KHTML, like Gecko) Chrome/98.0.4758.102 Safari/537.36"
24.245.110.72 - - [21/Feb/2022:19:40:07 -0500] "GET /app/static/admin/css/dashboard.css HTTP/1.0" 404 179 "https://levan-log.thehive-services.com/admin/?i=1" "Mozilla/5.0 (Windows NT 10.0; Win64; x64) AppleWebKit/537.36 (KHTML, like Gecko) Chrome/98.0.4758.102 Safari/537.36"
24.245.117.113 - - [21/Feb/2022:19:40:13 -0500] "POST /admin/login/?next=/admin/%3Fi%3D1 HTTP/1.0" 302 - "https://levan-log.thehive-services.com/admin/login/?next=/admin/%3Fi%3D1" "Mozilla/5.0 (Windows NT 10.0; Win64; x64) AppleWebKit/537.36 (KHTML, like Gecko) Chrome/98.0.4758.102 Safari/537.36 Edg/98.0.1108.56"
24.245.117.113 - - [21/Feb/2022:19:40:14 -0500] "GET /admin/?i=1 HTTP/1.0" 200 7127 "https://levan-log.thehive-services.com/admin/login/?next=/admin/%3Fi%3D1" "Mozilla/5.0 (Windows NT 10.0; Win64; x64) AppleWebKit/537.36 (KHTML, like Gecko) Chrome/98.0.4758.102 Safari/537.36 Edg/98.0.1108.56"
24.245.117.113 - - [21/Feb/2022:19:40:14 -0500] "GET /app/static/admin/css/base.css HTTP/1.0" 404 179 "https://levan-log.thehive-services.com/admin/?i=1" "Mozilla/5.0 (Windows NT 10.0; Win64; x64) AppleWebKit/537.36 (KHTML, like Gecko) Chrome/98.0.4758.102 Safari/537.36 Edg/98.0.1108.56"
24.245.117.113 - - [21/Feb/2022:19:40:14 -0500] "GET /app/static/admin/css/dashboard.css HTTP/1.0" 404 179 "https://levan-log.thehive-services.com/admin/?i=1" "Mozilla/5.0 (Windows NT 10.0; Win64; x64) AppleWebKit/537.36 (KHTML, like Gecko) Chrome/98.0.4758.102 Safari/537.36 Edg/98.0.1108.56"
24.245.117.113 - - [21/Feb/2022:19:40:14 -0500] "GET /app/static/admin/js/nav_sidebar.js HTTP/1.0" 404 179 "https://levan-log.thehive-services.com/admin/?i=1" "Mozilla/5.0 (Windows NT 10.0; Win64; x64) AppleWebKit/537.36 (KHTML, like Gecko) Chrome/98.0.4758.102 Safari/537.36 Edg/98.0.1108.56"
24.245.117.113 - - [21/Feb/2022:19:40:14 -0500] "GET /app/static/admin/css/nav_sidebar.css HTTP/1.0" 404 179 "https://levan-log.thehive-services.com/admin/?i=1" "Mozilla/5.0 (Windows NT 10.0; Win64; x64) AppleWebKit/537.36 (KHTML, like Gecko) Chrome/98.0.4758.102 Safari/537.36 Edg/98.0.1108.56"
24.245.117.113 - - [21/Feb/2022:19:40:14 -0500] "GET /app/static/admin/css/responsive.css HTTP/1.0" 404 179 "https://levan-log.thehive-services.com/admin/?i=1" "Mozilla/5.0 (Windows NT 10.0; Win64; x64) AppleWebKit/537.36 (KHTML, like Gecko) Chrome/98.0.4758.102 Safari/537.36 Edg/98.0.1108.56"
24.245.110.72 - - [21/Feb/2022:19:41:10 -0500] "GET /admin/app/dvd/ HTTP/1.0" 200 11955 "https://levan-log.thehive-services.com/admin/?i=1" "Mozilla/5.0 (Windows NT 10.0; Win64; x64) AppleWebKit/537.36 (KHTML, like Gecko) Chrome/98.0.4758.102 Safari/537.36"
24.245.110.72 - - [21/Feb/2022:19:41:11 -0500] "GET /app/static/admin/css/base.css HTTP/1.0" 404 179 "https://levan-log.thehive-services.com/admin/app/dvd/" "Mozilla/5.0 (Windows NT 10.0; Win64; x64) AppleWebKit/537.36 (KHTML, like Gecko) Chrome/98.0.4758.102 Safari/537.36"
24.245.110.72 - - [21/Feb/2022:19:41:11 -0500] "GET /app/static/admin/css/changelists.css HTTP/1.0" 404 179 "https://levan-log.thehive-services.com/admin/app/dvd/" "Mozilla/5.0 (Windows NT 10.0; Win64; x64) AppleWebKit/537.36 (KHTML, like Gecko) Chrome/98.0.4758.102 Safari/537.36"
24.245.110.72 - - [21/Feb/2022:19:41:11 -0500] "GET /app/static/admin/js/actions.js HTTP/1.0" 404 179 "https://levan-log.thehive-services.com/admin/app/dvd/" "Mozilla/5.0 (Windows NT 10.0; Win64; x64) AppleWebKit/537.36 (KHTML, like Gecko) Chrome/98.0.4758.102 Safari/537.36"
24.245.110.72 - - [21/Feb/2022:19:41:11 -0500] "GET /app/static/admin/js/core.js HTTP/1.0" 404 179 "https://levan-log.thehive-services.com/admin/app/dvd/" "Mozilla/5.0 (Windows NT 10.0; Win64; x64) AppleWebKit/537.36 (KHTML, like Gecko) Chrome/98.0.4758.102 Safari/537.36"
24.245.110.72 - - [21/Feb/2022:19:41:11 -0500] "GET /app/static/admin/css/responsive.css HTTP/1.0" 404 179 "https://levan-log.thehive-services.com/admin/app/dvd/" "Mozilla/5.0 (Windows NT 10.0; Win64; x64) AppleWebKit/537.36 (KHTML, like Gecko) Chrome/98.0.4758.102 Safari/537.36"
24.245.110.72 - - [21/Feb/2022:19:41:11 -0500] "GET /app/static/admin/js/vendor/jquery/jquery.min.js HTTP/1.0" 404 179 "https://levan-log.thehive-services.com/admin/app/dvd/" "Mozilla/5.0 (Windows NT 10.0; Win64; x64) AppleWebKit/537.36 (KHTML, like Gecko) Chrome/98.0.4758.102 Safari/537.36"
24.245.110.72 - - [21/Feb/2022:19:41:11 -0500] "GET /app/static/admin/js/vendor/xregexp/xregexp.min.js HTTP/1.0" 404 179 "https://levan-log.thehive-services.com/admin/app/dvd/" "Mozilla/5.0 (Windows NT 10.0; Win64; x64) AppleWebKit/537.36 (KHTML, like Gecko) Chrome/98.0.4758.102 Safari/537.36"
24.245.110.72 - - [21/Feb/2022:19:41:11 -0500] "GET /app/static/admin/js/urlify.js HTTP/1.0" 404 179 "https://levan-log.thehive-services.com/admin/app/dvd/" "Mozilla/5.0 (Windows NT 10.0; Win64; x64) AppleWebKit/537.36 (KHTML, like Gecko) Chrome/98.0.4758.102 Safari/537.36"
24.245.110.72 - - [21/Feb/2022:19:41:11 -0500] "GET /admin/jsi18n/ HTTP/1.0" 200 3343 "https://levan-log.thehive-services.com/admin/app/dvd/" "Mozilla/5.0 (Windows NT 10.0; Win64; x64) AppleWebKit/537.36 (KHTML, like Gecko) Chrome/98.0.4758.102 Safari/537.36"
24.245.110.72 - - [21/Feb/2022:19:41:11 -0500] "GET /app/static/admin/js/jquery.init.js HTTP/1.0" 404 179 "https://levan-log.thehive-services.com/admin/app/dvd/" "Mozilla/5.0 (Windows NT 10.0; Win64; x64) AppleWebKit/537.36 (KHTML, like Gecko) Chrome/98.0.4758.102 Safari/537.36"
24.245.110.72 - - [21/Feb/2022:19:41:11 -0500] "GET /app/static/admin/css/nav_sidebar.css HTTP/1.0" 404 179 "https://levan-log.thehive-services.com/admin/app/dvd/" "Mozilla/5.0 (Windows NT 10.0; Win64; x64) AppleWebKit/537.36 (KHTML, like Gecko) Chrome/98.0.4758.102 Safari/537.36"
24.245.110.72 - - [21/Feb/2022:19:41:11 -0500] "GET /app/static/admin/js/admin/RelatedObjectLookups.js HTTP/1.0" 404 179 "https://levan-log.thehive-services.com/admin/app/dvd/" "Mozilla/5.0 (Windows NT 10.0; Win64; x64) AppleWebKit/537.36 (KHTML, like Gecko) Chrome/98.0.4758.102 Safari/537.36"
24.245.110.72 - - [21/Feb/2022:19:41:11 -0500] "GET /app/static/admin/js/prepopulate.js HTTP/1.0" 404 179 "https://levan-log.thehive-services.com/admin/app/dvd/" "Mozilla/5.0 (Windows NT 10.0; Win64; x64) AppleWebKit/537.36 (KHTML, like Gecko) Chrome/98.0.4758.102 Safari/537.36"
24.245.110.72 - - [21/Feb/2022:19:41:11 -0500] "GET /app/static/admin/js/nav_sidebar.js HTTP/1.0" 404 179 "https://levan-log.thehive-services.com/admin/app/dvd/" "Mozilla/5.0 (Windows NT 10.0; Win64; x64) AppleWebKit/537.36 (KHTML, like Gecko) Chrome/98.0.4758.102 Safari/537.36"
24.245.110.72 - - [21/Feb/2022:19:41:11 -0500] "GET /app/static/admin/js/vendor/jquery/jquery.min.js HTTP/1.0" 404 179 "https://levan-log.thehive-services.com/admin/app/dvd/" "Mozilla/5.0 (Windows NT 10.0; Win64; x64) AppleWebKit/537.36 (KHTML, like Gecko) Chrome/98.0.4758.102 Safari/537.36"
24.245.110.72 - - [21/Feb/2022:19:41:11 -0500] "GET /app/static/admin/js/jquery.init.js HTTP/1.0" 404 179 "https://levan-log.thehive-services.com/admin/app/dvd/" "Mozilla/5.0 (Windows NT 10.0; Win64; x64) AppleWebKit/537.36 (KHTML, like Gecko) Chrome/98.0.4758.102 Safari/537.36"
24.245.110.72 - - [21/Feb/2022:19:41:11 -0500] "GET /app/static/admin/js/core.js HTTP/1.0" 404 179 "https://levan-log.thehive-services.com/admin/app/dvd/" "Mozilla/5.0 (Windows NT 10.0; Win64; x64) AppleWebKit/537.36 (KHTML, like Gecko) Chrome/98.0.4758.102 Safari/537.36"
24.245.110.72 - - [21/Feb/2022:19:41:11 -0500] "GET /app/static/admin/js/admin/RelatedObjectLookups.js HTTP/1.0" 404 179 "https://levan-log.thehive-services.com/admin/app/dvd/" "Mozilla/5.0 (Windows NT 10.0; Win64; x64) AppleWebKit/537.36 (KHTML, like Gecko) Chrome/98.0.4758.102 Safari/537.36"
24.245.110.72 - - [21/Feb/2022:19:41:11 -0500] "GET /app/static/admin/js/actions.js HTTP/1.0" 404 179 "https://levan-log.thehive-services.com/admin/app/dvd/" "Mozilla/5.0 (Windows NT 10.0; Win64; x64) AppleWebKit/537.36 (KHTML, like Gecko) Chrome/98.0.4758.102 Safari/537.36"
24.245.110.72 - - [21/Feb/2022:19:41:12 -0500] "GET /app/static/admin/js/urlify.js HTTP/1.0" 404 179 "https://levan-log.thehive-services.com/admin/app/dvd/" "Mozilla/5.0 (Windows NT 10.0; Win64; x64) AppleWebKit/537.36 (KHTML, like Gecko) Chrome/98.0.4758.102 Safari/537.36"
24.245.110.72 - - [21/Feb/2022:19:41:12 -0500] "GET /app/static/admin/js/prepopulate.js HTTP/1.0" 404 179 "https://levan-log.thehive-services.com/admin/app/dvd/" "Mozilla/5.0 (Windows NT 10.0; Win64; x64) AppleWebKit/537.36 (KHTML, like Gecko) Chrome/98.0.4758.102 Safari/537.36"
24.245.110.72 - - [21/Feb/2022:19:41:12 -0500] "GET /app/static/admin/js/vendor/xregexp/xregexp.min.js HTTP/1.0" 404 179 "https://levan-log.thehive-services.com/admin/app/dvd/" "Mozilla/5.0 (Windows NT 10.0; Win64; x64) AppleWebKit/537.36 (KHTML, like Gecko) Chrome/98.0.4758.102 Safari/537.36"
24.245.110.72 - - [21/Feb/2022:19:41:12 -0500] "GET /app/static/admin/css/responsive.css HTTP/1.0" 404 179 "https://levan-log.thehive-services.com/admin/app/dvd/" "Mozilla/5.0 (Windows NT 10.0; Win64; x64) AppleWebKit/537.36 (KHTML, like Gecko) Chrome/98.0.4758.102 Safari/537.36"
24.245.110.72 - - [21/Feb/2022:19:41:21 -0500] "GET /admin/app/dvd/19/change/ HTTP/1.0" 200 10562 "https://levan-log.thehive-services.com/admin/app/dvd/" "Mozilla/5.0 (Windows NT 10.0; Win64; x64) AppleWebKit/537.36 (KHTML, like Gecko) Chrome/98.0.4758.102 Safari/537.36"
24.245.110.72 - - [21/Feb/2022:19:41:21 -0500] "GET /app/static/admin/css/base.css HTTP/1.0" 404 179 "https://levan-log.thehive-services.com/admin/app/dvd/19/change/" "Mozilla/5.0 (Windows NT 10.0; Win64; x64) AppleWebKit/537.36 (KHTML, like Gecko) Chrome/98.0.4758.102 Safari/537.36"
24.245.110.72 - - [21/Feb/2022:19:41:21 -0500] "GET /app/static/admin/js/core.js HTTP/1.0" 404 179 "https://levan-log.thehive-services.com/admin/app/dvd/19/change/" "Mozilla/5.0 (Windows NT 10.0; Win64; x64) AppleWebKit/537.36 (KHTML, like Gecko) Chrome/98.0.4758.102 Safari/537.36"
24.245.110.72 - - [21/Feb/2022:19:41:21 -0500] "GET /app/static/admin/js/admin/RelatedObjectLookups.js HTTP/1.0" 404 179 "https://levan-log.thehive-services.com/admin/app/dvd/19/change/" "Mozilla/5.0 (Windows NT 10.0; Win64; x64) AppleWebKit/537.36 (KHTML, like Gecko) Chrome/98.0.4758.102 Safari/537.36"
24.245.110.72 - - [21/Feb/2022:19:41:21 -0500] "GET /app/static/admin/css/responsive.css HTTP/1.0" 404 179 "https://levan-log.thehive-services.com/admin/app/dvd/19/change/" "Mozilla/5.0 (Windows NT 10.0; Win64; x64) AppleWebKit/537.36 (KHTML, like Gecko) Chrome/98.0.4758.102 Safari/537.36"
24.245.110.72 - - [21/Feb/2022:19:41:21 -0500] "GET /app/static/admin/js/urlify.js HTTP/1.0" 404 179 "https://levan-log.thehive-services.com/admin/app/dvd/19/change/" "Mozilla/5.0 (Windows NT 10.0; Win64; x64) AppleWebKit/537.36 (KHTML, like Gecko) Chrome/98.0.4758.102 Safari/537.36"
24.245.110.72 - - [21/Feb/2022:19:41:21 -0500] "GET /app/static/admin/js/jquery.init.js HTTP/1.0" 404 179 "https://levan-log.thehive-services.com/admin/app/dvd/19/change/" "Mozilla/5.0 (Windows NT 10.0; Win64; x64) AppleWebKit/537.36 (KHTML, like Gecko) Chrome/98.0.4758.102 Safari/537.36"
24.245.110.72 - - [21/Feb/2022:19:41:21 -0500] "GET /admin/jsi18n/ HTTP/1.0" 200 3343 "https://levan-log.thehive-services.com/admin/app/dvd/19/change/" "Mozilla/5.0 (Windows NT 10.0; Win64; x64) AppleWebKit/537.36 (KHTML, like Gecko) Chrome/98.0.4758.102 Safari/537.36"
24.245.110.72 - - [21/Feb/2022:19:41:21 -0500] "GET /app/static/admin/css/forms.css HTTP/1.0" 404 179 "https://levan-log.thehive-services.com/admin/app/dvd/19/change/" "Mozilla/5.0 (Windows NT 10.0; Win64; x64) AppleWebKit/537.36 (KHTML, like Gecko) Chrome/98.0.4758.102 Safari/537.36"
24.245.110.72 - - [21/Feb/2022:19:41:21 -0500] "GET /app/static/admin/js/vendor/jquery/jquery.min.js HTTP/1.0" 404 179 "https://levan-log.thehive-services.com/admin/app/dvd/19/change/" "Mozilla/5.0 (Windows NT 10.0; Win64; x64) AppleWebKit/537.36 (KHTML, like Gecko) Chrome/98.0.4758.102 Safari/537.36"
24.245.110.72 - - [21/Feb/2022:19:41:21 -0500] "GET /app/static/admin/css/nav_sidebar.css HTTP/1.0" 404 179 "https://levan-log.thehive-services.com/admin/app/dvd/19/change/" "Mozilla/5.0 (Windows NT 10.0; Win64; x64) AppleWebKit/537.36 (KHTML, like Gecko) Chrome/98.0.4758.102 Safari/537.36"
24.245.110.72 - - [21/Feb/2022:19:41:21 -0500] "GET /app/static/admin/js/actions.js HTTP/1.0" 404 179 "https://levan-log.thehive-services.com/admin/app/dvd/19/change/" "Mozilla/5.0 (Windows NT 10.0; Win64; x64) AppleWebKit/537.36 (KHTML, like Gecko) Chrome/98.0.4758.102 Safari/537.36"
24.245.110.72 - - [21/Feb/2022:19:41:21 -0500] "GET /app/static/admin/js/vendor/xregexp/xregexp.min.js HTTP/1.0" 404 179 "https://levan-log.thehive-services.com/admin/app/dvd/19/change/" "Mozilla/5.0 (Windows NT 10.0; Win64; x64) AppleWebKit/537.36 (KHTML, like Gecko) Chrome/98.0.4758.102 Safari/537.36"
24.245.110.72 - - [21/Feb/2022:19:41:21 -0500] "GET /app/static/admin/js/prepopulate.js HTTP/1.0" 404 179 "https://levan-log.thehive-services.com/admin/app/dvd/19/change/" "Mozilla/5.0 (Windows NT 10.0; Win64; x64) AppleWebKit/537.36 (KHTML, like Gecko) Chrome/98.0.4758.102 Safari/537.36"
24.245.110.72 - - [21/Feb/2022:19:41:22 -0500] "GET /app/static/admin/js/vendor/jquery/jquery.min.js HTTP/1.0" 404 179 "https://levan-log.thehive-services.com/admin/app/dvd/19/change/" "Mozilla/5.0 (Windows NT 10.0; Win64; x64) AppleWebKit/537.36 (KHTML, like Gecko) Chrome/98.0.4758.102 Safari/537.36"
24.245.110.72 - - [21/Feb/2022:19:41:22 -0500] "GET /app/static/admin/js/prepopulate_init.js HTTP/1.0" 404 179 "https://levan-log.thehive-services.com/admin/app/dvd/19/change/" "Mozilla/5.0 (Windows NT 10.0; Win64; x64) AppleWebKit/537.36 (KHTML, like Gecko) Chrome/98.0.4758.102 Safari/537.36"
24.245.110.72 - - [21/Feb/2022:19:41:22 -0500] "GET /app/static/admin/js/nav_sidebar.js HTTP/1.0" 404 179 "https://levan-log.thehive-services.com/admin/app/dvd/19/change/" "Mozilla/5.0 (Windows NT 10.0; Win64; x64) AppleWebKit/537.36 (KHTML, like Gecko) Chrome/98.0.4758.102 Safari/537.36"
24.245.110.72 - - [21/Feb/2022:19:41:22 -0500] "GET /app/static/admin/js/jquery.init.js HTTP/1.0" 404 179 "https://levan-log.thehive-services.com/admin/app/dvd/19/change/" "Mozilla/5.0 (Windows NT 10.0; Win64; x64) AppleWebKit/537.36 (KHTML, like Gecko) Chrome/98.0.4758.102 Safari/537.36"
24.245.110.72 - - [21/Feb/2022:19:41:22 -0500] "GET /app/static/admin/img/icon-changelink.svg HTTP/1.0" 404 179 "https://levan-log.thehive-services.com/admin/app/dvd/19/change/" "Mozilla/5.0 (Windows NT 10.0; Win64; x64) AppleWebKit/537.36 (KHTML, like Gecko) Chrome/98.0.4758.102 Safari/537.36"
24.245.110.72 - - [21/Feb/2022:19:41:22 -0500] "GET /app/static/admin/img/icon-addlink.svg HTTP/1.0" 404 179 "https://levan-log.thehive-services.com/admin/app/dvd/19/change/" "Mozilla/5.0 (Windows NT 10.0; Win64; x64) AppleWebKit/537.36 (KHTML, like Gecko) Chrome/98.0.4758.102 Safari/537.36"
24.245.110.72 - - [21/Feb/2022:19:41:22 -0500] "GET /app/static/admin/js/core.js HTTP/1.0" 404 179 "https://levan-log.thehive-services.com/admin/app/dvd/19/change/" "Mozilla/5.0 (Windows NT 10.0; Win64; x64) AppleWebKit/537.36 (KHTML, like Gecko) Chrome/98.0.4758.102 Safari/537.36"
24.245.110.72 - - [21/Feb/2022:19:41:22 -0500] "GET /app/static/admin/js/change_form.js HTTP/1.0" 404 179 "https://levan-log.thehive-services.com/admin/app/dvd/19/change/" "Mozilla/5.0 (Windows NT 10.0; Win64; x64) AppleWebKit/537.36 (KHTML, like Gecko) Chrome/98.0.4758.102 Safari/537.36"
24.245.110.72 - - [21/Feb/2022:19:41:22 -0500] "GET /app/static/admin/js/admin/RelatedObjectLookups.js HTTP/1.0" 404 179 "https://levan-log.thehive-services.com/admin/app/dvd/19/change/" "Mozilla/5.0 (Windows NT 10.0; Win64; x64) AppleWebKit/537.36 (KHTML, like Gecko) Chrome/98.0.4758.102 Safari/537.36"
24.245.117.113 - - [21/Feb/2022:19:41:22 -0500] "GET /admin/app/dvd/ HTTP/1.0" 200 11960 "https://levan-log.thehive-services.com/admin/?i=1" "Mozilla/5.0 (Windows NT 10.0; Win64; x64) AppleWebKit/537.36 (KHTML, like Gecko) Chrome/98.0.4758.102 Safari/537.36 Edg/98.0.1108.56"
24.245.110.72 - - [21/Feb/2022:19:41:22 -0500] "GET /app/static/admin/js/actions.js HTTP/1.0" 404 179 "https://levan-log.thehive-services.com/admin/app/dvd/19/change/" "Mozilla/5.0 (Windows NT 10.0; Win64; x64) AppleWebKit/537.36 (KHTML, like Gecko) Chrome/98.0.4758.102 Safari/537.36"
24.245.110.72 - - [21/Feb/2022:19:41:22 -0500] "GET /app/static/admin/js/urlify.js HTTP/1.0" 404 179 "https://levan-log.thehive-services.com/admin/app/dvd/19/change/" "Mozilla/5.0 (Windows NT 10.0; Win64; x64) AppleWebKit/537.36 (KHTML, like Gecko) Chrome/98.0.4758.102 Safari/537.36"
24.245.117.113 - - [21/Feb/2022:19:41:23 -0500] "GET /app/static/admin/css/nav_sidebar.css HTTP/1.0" 404 179 "https://levan-log.thehive-services.com/admin/app/dvd/" "Mozilla/5.0 (Windows NT 10.0; Win64; x64) AppleWebKit/537.36 (KHTML, like Gecko) Chrome/98.0.4758.102 Safari/537.36 Edg/98.0.1108.56"
24.245.117.113 - - [21/Feb/2022:19:41:23 -0500] "GET /app/static/admin/css/changelists.css HTTP/1.0" 404 179 "https://levan-log.thehive-services.com/admin/app/dvd/" "Mozilla/5.0 (Windows NT 10.0; Win64; x64) AppleWebKit/537.36 (KHTML, like Gecko) Chrome/98.0.4758.102 Safari/537.36 Edg/98.0.1108.56"
24.245.117.113 - - [21/Feb/2022:19:41:23 -0500] "GET /app/static/admin/js/jquery.init.js HTTP/1.0" 404 179 "https://levan-log.thehive-services.com/admin/app/dvd/" "Mozilla/5.0 (Windows NT 10.0; Win64; x64) AppleWebKit/537.36 (KHTML, like Gecko) Chrome/98.0.4758.102 Safari/537.36 Edg/98.0.1108.56"
24.245.117.113 - - [21/Feb/2022:19:41:23 -0500] "GET /app/static/admin/js/actions.js HTTP/1.0" 404 179 "https://levan-log.thehive-services.com/admin/app/dvd/" "Mozilla/5.0 (Windows NT 10.0; Win64; x64) AppleWebKit/537.36 (KHTML, like Gecko) Chrome/98.0.4758.102 Safari/537.36 Edg/98.0.1108.56"
24.245.117.113 - - [21/Feb/2022:19:41:23 -0500] "GET /app/static/admin/js/vendor/xregexp/xregexp.min.js HTTP/1.0" 404 179 "https://levan-log.thehive-services.com/admin/app/dvd/" "Mozilla/5.0 (Windows NT 10.0; Win64; x64) AppleWebKit/537.36 (KHTML, like Gecko) Chrome/98.0.4758.102 Safari/537.36 Edg/98.0.1108.56"
24.245.117.113 - - [21/Feb/2022:19:41:23 -0500] "GET /app/static/admin/js/urlify.js HTTP/1.0" 404 179 "https://levan-log.thehive-services.com/admin/app/dvd/" "Mozilla/5.0 (Windows NT 10.0; Win64; x64) AppleWebKit/537.36 (KHTML, like Gecko) Chrome/98.0.4758.102 Safari/537.36 Edg/98.0.1108.56"
24.245.117.113 - - [21/Feb/2022:19:41:23 -0500] "GET /app/static/admin/js/vendor/jquery/jquery.min.js HTTP/1.0" 404 179 "https://levan-log.thehive-services.com/admin/app/dvd/" "Mozilla/5.0 (Windows NT 10.0; Win64; x64) AppleWebKit/537.36 (KHTML, like Gecko) Chrome/98.0.4758.102 Safari/537.36 Edg/98.0.1108.56"
24.245.117.113 - - [21/Feb/2022:19:41:23 -0500] "GET /app/static/admin/css/base.css HTTP/1.0" 404 179 "https://levan-log.thehive-services.com/admin/app/dvd/" "Mozilla/5.0 (Windows NT 10.0; Win64; x64) AppleWebKit/537.36 (KHTML, like Gecko) Chrome/98.0.4758.102 Safari/537.36 Edg/98.0.1108.56"
24.245.117.113 - - [21/Feb/2022:19:41:23 -0500] "GET /app/static/admin/css/responsive.css HTTP/1.0" 404 179 "https://levan-log.thehive-services.com/admin/app/dvd/" "Mozilla/5.0 (Windows NT 10.0; Win64; x64) AppleWebKit/537.36 (KHTML, like Gecko) Chrome/98.0.4758.102 Safari/537.36 Edg/98.0.1108.56"
24.245.117.113 - - [21/Feb/2022:19:41:23 -0500] "GET /app/static/admin/js/admin/RelatedObjectLookups.js HTTP/1.0" 404 179 "https://levan-log.thehive-services.com/admin/app/dvd/" "Mozilla/5.0 (Windows NT 10.0; Win64; x64) AppleWebKit/537.36 (KHTML, like Gecko) Chrome/98.0.4758.102 Safari/537.36 Edg/98.0.1108.56"
24.245.117.113 - - [21/Feb/2022:19:41:23 -0500] "GET /app/static/admin/js/core.js HTTP/1.0" 404 179 "https://levan-log.thehive-services.com/admin/app/dvd/" "Mozilla/5.0 (Windows NT 10.0; Win64; x64) AppleWebKit/537.36 (KHTML, like Gecko) Chrome/98.0.4758.102 Safari/537.36 Edg/98.0.1108.56"
24.245.117.113 - - [21/Feb/2022:19:41:23 -0500] "GET /admin/jsi18n/ HTTP/1.0" 200 3343 "https://levan-log.thehive-services.com/admin/app/dvd/" "Mozilla/5.0 (Windows NT 10.0; Win64; x64) AppleWebKit/537.36 (KHTML, like Gecko) Chrome/98.0.4758.102 Safari/537.36 Edg/98.0.1108.56"
24.245.117.113 - - [21/Feb/2022:19:41:23 -0500] "GET /app/static/admin/js/prepopulate.js HTTP/1.0" 404 179 "https://levan-log.thehive-services.com/admin/app/dvd/" "Mozilla/5.0 (Windows NT 10.0; Win64; x64) AppleWebKit/537.36 (KHTML, like Gecko) Chrome/98.0.4758.102 Safari/537.36 Edg/98.0.1108.56"
24.245.110.72 - - [21/Feb/2022:19:41:23 -0500] "GET /app/static/admin/js/prepopulate.js HTTP/1.0" 404 179 "https://levan-log.thehive-services.com/admin/app/dvd/19/change/" "Mozilla/5.0 (Windows NT 10.0; Win64; x64) AppleWebKit/537.36 (KHTML, like Gecko) Chrome/98.0.4758.102 Safari/537.36"
24.245.117.113 - - [21/Feb/2022:19:41:23 -0500] "GET /app/static/admin/js/nav_sidebar.js HTTP/1.0" 404 179 "https://levan-log.thehive-services.com/admin/app/dvd/" "Mozilla/5.0 (Windows NT 10.0; Win64; x64) AppleWebKit/537.36 (KHTML, like Gecko) Chrome/98.0.4758.102 Safari/537.36 Edg/98.0.1108.56"
24.245.117.113 - - [21/Feb/2022:19:41:23 -0500] "GET /app/static/admin/js/vendor/jquery/jquery.min.js HTTP/1.0" 404 179 "https://levan-log.thehive-services.com/admin/app/dvd/" "Mozilla/5.0 (Windows NT 10.0; Win64; x64) AppleWebKit/537.36 (KHTML, like Gecko) Chrome/98.0.4758.102 Safari/537.36 Edg/98.0.1108.56"
24.245.110.72 - - [21/Feb/2022:19:41:23 -0500] "GET /app/static/admin/js/vendor/xregexp/xregexp.min.js HTTP/1.0" 404 179 "https://levan-log.thehive-services.com/admin/app/dvd/19/change/" "Mozilla/5.0 (Windows NT 10.0; Win64; x64) AppleWebKit/537.36 (KHTML, like Gecko) Chrome/98.0.4758.102 Safari/537.36"
24.245.117.113 - - [21/Feb/2022:19:41:23 -0500] "GET /app/static/admin/js/jquery.init.js HTTP/1.0" 404 179 "https://levan-log.thehive-services.com/admin/app/dvd/" "Mozilla/5.0 (Windows NT 10.0; Win64; x64) AppleWebKit/537.36 (KHTML, like Gecko) Chrome/98.0.4758.102 Safari/537.36 Edg/98.0.1108.56"
24.245.110.72 - - [21/Feb/2022:19:41:23 -0500] "GET /app/static/admin/css/responsive.css HTTP/1.0" 404 179 "https://levan-log.thehive-services.com/admin/app/dvd/19/change/" "Mozilla/5.0 (Windows NT 10.0; Win64; x64) AppleWebKit/537.36 (KHTML, like Gecko) Chrome/98.0.4758.102 Safari/537.36"
24.245.110.72 - - [21/Feb/2022:19:41:23 -0500] "GET /app/static/admin/js/change_form.js HTTP/1.0" 404 179 "https://levan-log.thehive-services.com/admin/app/dvd/19/change/" "Mozilla/5.0 (Windows NT 10.0; Win64; x64) AppleWebKit/537.36 (KHTML, like Gecko) Chrome/98.0.4758.102 Safari/537.36"
24.245.110.72 - - [21/Feb/2022:19:41:23 -0500] "GET /app/static/admin/js/prepopulate_init.js HTTP/1.0" 404 179 "https://levan-log.thehive-services.com/admin/app/dvd/19/change/" "Mozilla/5.0 (Windows NT 10.0; Win64; x64) AppleWebKit/537.36 (KHTML, like Gecko) Chrome/98.0.4758.102 Safari/537.36"
24.245.117.113 - - [21/Feb/2022:19:41:23 -0500] "GET /app/static/admin/js/core.js HTTP/1.0" 404 179 "https://levan-log.thehive-services.com/admin/app/dvd/" "Mozilla/5.0 (Windows NT 10.0; Win64; x64) AppleWebKit/537.36 (KHTML, like Gecko) Chrome/98.0.4758.102 Safari/537.36 Edg/98.0.1108.56"
24.245.117.113 - - [21/Feb/2022:19:41:23 -0500] "GET /app/static/admin/js/admin/RelatedObjectLookups.js HTTP/1.0" 404 179 "https://levan-log.thehive-services.com/admin/app/dvd/" "Mozilla/5.0 (Windows NT 10.0; Win64; x64) AppleWebKit/537.36 (KHTML, like Gecko) Chrome/98.0.4758.102 Safari/537.36 Edg/98.0.1108.56"
24.245.117.113 - - [21/Feb/2022:19:41:23 -0500] "GET /app/static/admin/js/actions.js HTTP/1.0" 404 179 "https://levan-log.thehive-services.com/admin/app/dvd/" "Mozilla/5.0 (Windows NT 10.0; Win64; x64) AppleWebKit/537.36 (KHTML, like Gecko) Chrome/98.0.4758.102 Safari/537.36 Edg/98.0.1108.56"
24.245.117.113 - - [21/Feb/2022:19:41:24 -0500] "GET /app/static/admin/js/urlify.js HTTP/1.0" 404 179 "https://levan-log.thehive-services.com/admin/app/dvd/" "Mozilla/5.0 (Windows NT 10.0; Win64; x64) AppleWebKit/537.36 (KHTML, like Gecko) Chrome/98.0.4758.102 Safari/537.36 Edg/98.0.1108.56"
24.245.117.113 - - [21/Feb/2022:19:41:24 -0500] "GET /app/static/admin/js/prepopulate.js HTTP/1.0" 404 179 "https://levan-log.thehive-services.com/admin/app/dvd/" "Mozilla/5.0 (Windows NT 10.0; Win64; x64) AppleWebKit/537.36 (KHTML, like Gecko) Chrome/98.0.4758.102 Safari/537.36 Edg/98.0.1108.56"
24.245.117.113 - - [21/Feb/2022:19:41:24 -0500] "GET /app/static/admin/js/vendor/xregexp/xregexp.min.js HTTP/1.0" 404 179 "https://levan-log.thehive-services.com/admin/app/dvd/" "Mozilla/5.0 (Windows NT 10.0; Win64; x64) AppleWebKit/537.36 (KHTML, like Gecko) Chrome/98.0.4758.102 Safari/537.36 Edg/98.0.1108.56"
24.245.117.113 - - [21/Feb/2022:19:41:24 -0500] "GET /app/static/admin/css/responsive.css HTTP/1.0" 404 179 "https://levan-log.thehive-services.com/admin/app/dvd/" "Mozilla/5.0 (Windows NT 10.0; Win64; x64) AppleWebKit/537.36 (KHTML, like Gecko) Chrome/98.0.4758.102 Safari/537.36 Edg/98.0.1108.56"
24.245.117.113 - - [21/Feb/2022:19:41:24 -0500] "GET /admin/app/genre/ HTTP/1.0" 200 7054 "https://levan-log.thehive-services.com/admin/app/dvd/" "Mozilla/5.0 (Windows NT 10.0; Win64; x64) AppleWebKit/537.36 (KHTML, like Gecko) Chrome/98.0.4758.102 Safari/537.36 Edg/98.0.1108.56"
24.245.117.113 - - [21/Feb/2022:19:41:24 -0500] "GET /admin/app/genre/ HTTP/1.0" 200 7054 "https://levan-log.thehive-services.com/admin/app/dvd/" "Mozilla/5.0 (Windows NT 10.0; Win64; x64) AppleWebKit/537.36 (KHTML, like Gecko) Chrome/98.0.4758.102 Safari/537.36 Edg/98.0.1108.56"
24.245.117.113 - - [21/Feb/2022:19:41:25 -0500] "GET /app/static/admin/css/changelists.css HTTP/1.0" 404 179 "https://levan-log.thehive-services.com/admin/app/genre/" "Mozilla/5.0 (Windows NT 10.0; Win64; x64) AppleWebKit/537.36 (KHTML, like Gecko) Chrome/98.0.4758.102 Safari/537.36 Edg/98.0.1108.56"
24.245.117.113 - - [21/Feb/2022:19:41:25 -0500] "GET /app/static/admin/css/nav_sidebar.css HTTP/1.0" 404 179 "https://levan-log.thehive-services.com/admin/app/genre/" "Mozilla/5.0 (Windows NT 10.0; Win64; x64) AppleWebKit/537.36 (KHTML, like Gecko) Chrome/98.0.4758.102 Safari/537.36 Edg/98.0.1108.56"
24.245.117.113 - - [21/Feb/2022:19:41:25 -0500] "GET /app/static/admin/js/actions.js HTTP/1.0" 404 179 "https://levan-log.thehive-services.com/admin/app/genre/" "Mozilla/5.0 (Windows NT 10.0; Win64; x64) AppleWebKit/537.36 (KHTML, like Gecko) Chrome/98.0.4758.102 Safari/537.36 Edg/98.0.1108.56"
24.245.117.113 - - [21/Feb/2022:19:41:25 -0500] "GET /admin/jsi18n/ HTTP/1.0" 200 3343 "https://levan-log.thehive-services.com/admin/app/genre/" "Mozilla/5.0 (Windows NT 10.0; Win64; x64) AppleWebKit/537.36 (KHTML, like Gecko) Chrome/98.0.4758.102 Safari/537.36 Edg/98.0.1108.56"
24.245.117.113 - - [21/Feb/2022:19:41:25 -0500] "GET /app/static/admin/js/jquery.init.js HTTP/1.0" 404 179 "https://levan-log.thehive-services.com/admin/app/genre/" "Mozilla/5.0 (Windows NT 10.0; Win64; x64) AppleWebKit/537.36 (KHTML, like Gecko) Chrome/98.0.4758.102 Safari/537.36 Edg/98.0.1108.56"
24.245.117.113 - - [21/Feb/2022:19:41:25 -0500] "GET /app/static/admin/css/base.css HTTP/1.0" 404 179 "https://levan-log.thehive-services.com/admin/app/genre/" "Mozilla/5.0 (Windows NT 10.0; Win64; x64) AppleWebKit/537.36 (KHTML, like Gecko) Chrome/98.0.4758.102 Safari/537.36 Edg/98.0.1108.56"
24.245.117.113 - - [21/Feb/2022:19:41:25 -0500] "GET /app/static/admin/js/vendor/xregexp/xregexp.min.js HTTP/1.0" 404 179 "https://levan-log.thehive-services.com/admin/app/genre/" "Mozilla/5.0 (Windows NT 10.0; Win64; x64) AppleWebKit/537.36 (KHTML, like Gecko) Chrome/98.0.4758.102 Safari/537.36 Edg/98.0.1108.56"
24.245.117.113 - - [21/Feb/2022:19:41:25 -0500] "GET /app/static/admin/js/prepopulate.js HTTP/1.0" 404 179 "https://levan-log.thehive-services.com/admin/app/genre/" "Mozilla/5.0 (Windows NT 10.0; Win64; x64) AppleWebKit/537.36 (KHTML, like Gecko) Chrome/98.0.4758.102 Safari/537.36 Edg/98.0.1108.56"
24.245.117.113 - - [21/Feb/2022:19:41:25 -0500] "GET /app/static/admin/js/core.js HTTP/1.0" 404 179 "https://levan-log.thehive-services.com/admin/app/genre/" "Mozilla/5.0 (Windows NT 10.0; Win64; x64) AppleWebKit/537.36 (KHTML, like Gecko) Chrome/98.0.4758.102 Safari/537.36 Edg/98.0.1108.56"
24.245.117.113 - - [21/Feb/2022:19:41:25 -0500] "GET /app/static/admin/js/urlify.js HTTP/1.0" 404 179 "https://levan-log.thehive-services.com/admin/app/genre/" "Mozilla/5.0 (Windows NT 10.0; Win64; x64) AppleWebKit/537.36 (KHTML, like Gecko) Chrome/98.0.4758.102 Safari/537.36 Edg/98.0.1108.56"
24.245.117.113 - - [21/Feb/2022:19:41:25 -0500] "GET /app/static/admin/js/vendor/jquery/jquery.min.js HTTP/1.0" 404 179 "https://levan-log.thehive-services.com/admin/app/genre/" "Mozilla/5.0 (Windows NT 10.0; Win64; x64) AppleWebKit/537.36 (KHTML, like Gecko) Chrome/98.0.4758.102 Safari/537.36 Edg/98.0.1108.56"
24.245.117.113 - - [21/Feb/2022:19:41:25 -0500] "GET /app/static/admin/js/admin/RelatedObjectLookups.js HTTP/1.0" 404 179 "https://levan-log.thehive-services.com/admin/app/genre/" "Mozilla/5.0 (Windows NT 10.0; Win64; x64) AppleWebKit/537.36 (KHTML, like Gecko) Chrome/98.0.4758.102 Safari/537.36 Edg/98.0.1108.56"
24.245.117.113 - - [21/Feb/2022:19:41:25 -0500] "GET /app/static/admin/css/responsive.css HTTP/1.0" 404 179 "https://levan-log.thehive-services.com/admin/app/genre/" "Mozilla/5.0 (Windows NT 10.0; Win64; x64) AppleWebKit/537.36 (KHTML, like Gecko) Chrome/98.0.4758.102 Safari/537.36 Edg/98.0.1108.56"
24.245.117.113 - - [21/Feb/2022:19:41:25 -0500] "GET /app/static/admin/js/jquery.init.js HTTP/1.0" 404 179 "https://levan-log.thehive-services.com/admin/app/genre/" "Mozilla/5.0 (Windows NT 10.0; Win64; x64) AppleWebKit/537.36 (KHTML, like Gecko) Chrome/98.0.4758.102 Safari/537.36 Edg/98.0.1108.56"
24.245.117.113 - - [21/Feb/2022:19:41:25 -0500] "GET /app/static/admin/js/nav_sidebar.js HTTP/1.0" 404 179 "https://levan-log.thehive-services.com/admin/app/genre/" "Mozilla/5.0 (Windows NT 10.0; Win64; x64) AppleWebKit/537.36 (KHTML, like Gecko) Chrome/98.0.4758.102 Safari/537.36 Edg/98.0.1108.56"
24.245.117.113 - - [21/Feb/2022:19:41:25 -0500] "GET /app/static/admin/js/core.js HTTP/1.0" 404 179 "https://levan-log.thehive-services.com/admin/app/genre/" "Mozilla/5.0 (Windows NT 10.0; Win64; x64) AppleWebKit/537.36 (KHTML, like Gecko) Chrome/98.0.4758.102 Safari/537.36 Edg/98.0.1108.56"
24.245.117.113 - - [21/Feb/2022:19:41:25 -0500] "GET /app/static/admin/js/admin/RelatedObjectLookups.js HTTP/1.0" 404 179 "https://levan-log.thehive-services.com/admin/app/genre/" "Mozilla/5.0 (Windows NT 10.0; Win64; x64) AppleWebKit/537.36 (KHTML, like Gecko) Chrome/98.0.4758.102 Safari/537.36 Edg/98.0.1108.56"
24.245.117.113 - - [21/Feb/2022:19:41:26 -0500] "GET /app/static/admin/js/actions.js HTTP/1.0" 404 179 "https://levan-log.thehive-services.com/admin/app/genre/" "Mozilla/5.0 (Windows NT 10.0; Win64; x64) AppleWebKit/537.36 (KHTML, like Gecko) Chrome/98.0.4758.102 Safari/537.36 Edg/98.0.1108.56"
24.245.117.113 - - [21/Feb/2022:19:41:26 -0500] "GET /app/static/admin/js/urlify.js HTTP/1.0" 404 179 "https://levan-log.thehive-services.com/admin/app/genre/" "Mozilla/5.0 (Windows NT 10.0; Win64; x64) AppleWebKit/537.36 (KHTML, like Gecko) Chrome/98.0.4758.102 Safari/537.36 Edg/98.0.1108.56"
24.245.117.113 - - [21/Feb/2022:19:41:26 -0500] "GET /app/static/admin/js/prepopulate.js HTTP/1.0" 404 179 "https://levan-log.thehive-services.com/admin/app/genre/" "Mozilla/5.0 (Windows NT 10.0; Win64; x64) AppleWebKit/537.36 (KHTML, like Gecko) Chrome/98.0.4758.102 Safari/537.36 Edg/98.0.1108.56"
24.245.117.113 - - [21/Feb/2022:19:41:26 -0500] "GET /app/static/admin/js/vendor/xregexp/xregexp.min.js HTTP/1.0" 404 179 "https://levan-log.thehive-services.com/admin/app/genre/" "Mozilla/5.0 (Windows NT 10.0; Win64; x64) AppleWebKit/537.36 (KHTML, like Gecko) Chrome/98.0.4758.102 Safari/537.36 Edg/98.0.1108.56"
24.245.117.113 - - [21/Feb/2022:19:41:26 -0500] "GET /app/static/admin/css/responsive.css HTTP/1.0" 404 179 "https://levan-log.thehive-services.com/admin/app/genre/" "Mozilla/5.0 (Windows NT 10.0; Win64; x64) AppleWebKit/537.36 (KHTML, like Gecko) Chrome/98.0.4758.102 Safari/537.36 Edg/98.0.1108.56"
24.245.117.113 - - [21/Feb/2022:19:41:29 -0500] "GET /admin/app/dvd/ HTTP/1.0" 200 11960 "https://levan-log.thehive-services.com/admin/app/genre/" "Mozilla/5.0 (Windows NT 10.0; Win64; x64) AppleWebKit/537.36 (KHTML, like Gecko) Chrome/98.0.4758.102 Safari/537.36 Edg/98.0.1108.56"
24.245.117.113 - - [21/Feb/2022:19:41:29 -0500] "GET /admin/app/dvd/ HTTP/1.0" 200 11960 "https://levan-log.thehive-services.com/admin/app/genre/" "Mozilla/5.0 (Windows NT 10.0; Win64; x64) AppleWebKit/537.36 (KHTML, like Gecko) Chrome/98.0.4758.102 Safari/537.36 Edg/98.0.1108.56"
24.245.117.113 - - [21/Feb/2022:19:41:29 -0500] "GET /app/static/admin/css/nav_sidebar.css HTTP/1.0" 404 179 "https://levan-log.thehive-services.com/admin/app/dvd/" "Mozilla/5.0 (Windows NT 10.0; Win64; x64) AppleWebKit/537.36 (KHTML, like Gecko) Chrome/98.0.4758.102 Safari/537.36 Edg/98.0.1108.56"
24.245.117.113 - - [21/Feb/2022:19:41:29 -0500] "GET /app/static/admin/css/changelists.css HTTP/1.0" 404 179 "https://levan-log.thehive-services.com/admin/app/dvd/" "Mozilla/5.0 (Windows NT 10.0; Win64; x64) AppleWebKit/537.36 (KHTML, like Gecko) Chrome/98.0.4758.102 Safari/537.36 Edg/98.0.1108.56"
24.245.117.113 - - [21/Feb/2022:19:41:30 -0500] "GET /admin/jsi18n/ HTTP/1.0" 200 3343 "https://levan-log.thehive-services.com/admin/app/dvd/" "Mozilla/5.0 (Windows NT 10.0; Win64; x64) AppleWebKit/537.36 (KHTML, like Gecko) Chrome/98.0.4758.102 Safari/537.36 Edg/98.0.1108.56"
24.245.117.113 - - [21/Feb/2022:19:41:29 -0500] "GET /app/static/admin/css/base.css HTTP/1.0" 404 179 "https://levan-log.thehive-services.com/admin/app/dvd/" "Mozilla/5.0 (Windows NT 10.0; Win64; x64) AppleWebKit/537.36 (KHTML, like Gecko) Chrome/98.0.4758.102 Safari/537.36 Edg/98.0.1108.56"
24.245.117.113 - - [21/Feb/2022:19:41:30 -0500] "GET /app/static/admin/js/core.js HTTP/1.0" 404 179 "https://levan-log.thehive-services.com/admin/app/dvd/" "Mozilla/5.0 (Windows NT 10.0; Win64; x64) AppleWebKit/537.36 (KHTML, like Gecko) Chrome/98.0.4758.102 Safari/537.36 Edg/98.0.1108.56"
24.245.117.113 - - [21/Feb/2022:19:41:30 -0500] "GET /app/static/admin/js/vendor/xregexp/xregexp.min.js HTTP/1.0" 404 179 "https://levan-log.thehive-services.com/admin/app/dvd/" "Mozilla/5.0 (Windows NT 10.0; Win64; x64) AppleWebKit/537.36 (KHTML, like Gecko) Chrome/98.0.4758.102 Safari/537.36 Edg/98.0.1108.56"
24.245.117.113 - - [21/Feb/2022:19:41:30 -0500] "GET /app/static/admin/js/actions.js HTTP/1.0" 404 179 "https://levan-log.thehive-services.com/admin/app/dvd/" "Mozilla/5.0 (Windows NT 10.0; Win64; x64) AppleWebKit/537.36 (KHTML, like Gecko) Chrome/98.0.4758.102 Safari/537.36 Edg/98.0.1108.56"
24.245.117.113 - - [21/Feb/2022:19:41:30 -0500] "GET /app/static/admin/js/vendor/jquery/jquery.min.js HTTP/1.0" 404 179 "https://levan-log.thehive-services.com/admin/app/dvd/" "Mozilla/5.0 (Windows NT 10.0; Win64; x64) AppleWebKit/537.36 (KHTML, like Gecko) Chrome/98.0.4758.102 Safari/537.36 Edg/98.0.1108.56"
